$ akb raw list --help
Usage: akb raw list [options]

The open cards at a glance — one block per card with its id, title, meta (status, priority, roi,
release, blockers, open questions), summary line and file path.

`--stale` asks the other question: which cards have sat untouched past the board's **Stale after**
setting (config.md, 30 days by default), stalest first, each with the days it has sat and what is
holding it — a blocker, an unanswered [user] question, or a build. Age is the date git last saw the
card's file; group roots, recurring cards and cards git cannot date are left out.

`--archived` answers "which cards landed in this period": one block per landing, oldest first, with
the card id, title, workflow, landing time, landed commit and the archived card file (blank once the
archive has cleaned it up). Only cards the board landed are listed — a card archived by hand,
committed by hand, or built by a workflow that leaves files instead of a commit is not among them.

Options:
  --board <dir>        the board folder to work on (or AI4KANBAN_BOARD); beats --dir
  --dir <path>         the project to work on (default: the nearest board at or above this folder)
  --json               answer as one JSON object instead of prose
  -m, --module <name>  only the cards tagged with that module, validated against modules.md
  --stale              only the cards untouched past the threshold, stalest first, with the days
                       each has sat
  --archived           the cards that landed and were archived, oldest first, each with its landed
                       commit
  --since <time>       with --archived: only landings after this time, written "YYYY-MM-DD HH:MM";
                       inside a scheduled agent's run, `last-run` is when its last run began
  --workflow <id>      with --archived: only the cards of that workflow
  -h, --help           display help for command
[exit 0]
